[15268:12864:0510/225604.782:WARNING:chrome_main_delegate.cc(745)] This is Chrome version 128.0.6613.138 (not a warning)
[15268:7000:0510/225604.833:ERROR:google_update_settings.cc(265)] Failed opening key Software\Chromium to set usagestats; result: 5
[15268:12864:0510/225604.846:WARNING:account_consistency_mode_manager.cc(77)] Desktop Identity Consistency cannot be enabled as no OAuth client ID and client secret have been configured.
[36228:22504:0510/225607.909:WARNING:frame_impl.cc(430)] virtual CefFrameImpl::SendProcessMessage sent to detached frame 5-CCC12574007E9E801AD16A249899CB9D will be ignored
[15268:20308:0510/225608.240:WARNING:browser_info.cc(345)] Returning a speculative frame for [7,9]
[15268:12864:0510/225608.272:WARNING:browser_info.cc(345)] Returning a speculative frame for [8,5]
[15268:12864:0510/225608.272:WARNING:browser_info.cc(345)] Returning a speculative frame for [8,5]
[15268:12864:0510/225608.272:WARNING:browser_info.cc(345)] Returning a speculative frame for [8,5]
[15268:12864:0510/225608.272:WARNING:browser_info.cc(345)] Returning a speculative frame for [8,5]
[15268:20308:0510/225608.294:WARNING:browser_info.cc(345)] Returning a speculative frame for [8,5]
[24532:1924:0510/225609.563:WARNING:codec.cc(525)] Explicitly added H264 constrained baseline to list of supported formats.
[24532:1924:0510/225610.190:WARNING:codec.cc(525)] Explicitly added H264 constrained baseline to list of supported formats.
[24532:11388:0510/225610.205:WARNING:codec.cc(525)] Explicitly added H264 constrained baseline to list of supported formats.
[24532:11388:0510/225610.205:WARNING:codec.cc(525)] Explicitly added H264 constrained baseline to list of supported formats.
[24532:11388:0510/225610.205:WARNING:codec.cc(525)] Explicitly added H264 constrained baseline to list of supported formats.
[37140:21364:0510/225610.219:WARNING:host_resolver_dns_task.cc(863)] Address list empty after RFC3484 sort
[37140:21364:0510/225610.226:ERROR:socket_manager.cc(147)] Failed to resolve address for stun.cloudflare.com., errorcode: -105
[37140:21364:0510/225610.226:ERROR:socket_manager.cc(147)] Failed to resolve address for stun.cloudflare.com., errorcode: -105
[37140:21364:0510/225610.226:ERROR:socket_manager.cc(147)] Failed to resolve address for stun.cloudflare.com., errorcode: -105
[24532:11388:0510/225610.226:WARNING:stun_port.cc(442)] Port[5880c00:0:1:0:host:Net[any:0:0:0:x:x:x:x:x/0:Wildcard:id=0]]: StunPort: stun host lookup received error -1
[24532:11388:0510/225610.226:WARNING:stun_port.cc(442)] Port[5881400:1:1:0:host:Net[any:0:0:0:x:x:x:x:x/0:Wildcard:id=0]]: StunPort: stun host lookup received error -1
[24532:11388:0510/225610.226:WARNING:stun_port.cc(442)] Port[5881c00:2:1:0:host:Net[any:0:0:0:x:x:x:x:x/0:Wildcard:id=0]]: StunPort: stun host lookup received error -1
[37140:21364:0510/225715.646:WARNING:net_errors_win.cc(119)] Unknown error 10055 mapped to net::ERR_FAILED
[20572:37540:0510/225814.372:ERROR:shared_image_manager.cc(224)] SharedImageManager::ProduceSkia: Trying to Produce a Skia representation from a non-existent mailbox.
[15268:12864:0511/003655.517:WARNING:pref_notifier_impl.cc(41)] Pref observer for media_router.cast_allow_all_ips found at shutdown.
