[37180:25736:0602/230313.400:WARNING:chrome_main_delegate.cc(745)] This is Chrome version 128.0.6613.138 (not a warning)
[37180:10636:0602/230313.457:ERROR:google_update_settings.cc(265)] Failed opening key Software\Chromium to set usagestats; result: 5
[37180:25736:0602/230313.484:WARNING:account_consistency_mode_manager.cc(77)] Desktop Identity Consistency cannot be enabled as no OAuth client ID and client secret have been configured.
[37180:31856:0602/230315.377:WARNING:leveldb_database.cc(141)] Unable to open C:\Users\wlgns\Documents\Github\GameEngine\ExamPracNight2\Saved\webcache_6613\Default\shared_proto_db\metadata: IO error: C:\Users\wlgns\Documents\Github\GameEngine\ExamPracNight2\Saved\webcache_6613\Default\shared_proto_db\metadata/MANIFEST-000001: Unable to create sequential file (ChromeMethodBFE: 7::NewSequentialFile::1)
[37180:31856:0602/230315.382:WARNING:leveldb_database.cc(141)] Unable to open C:\Users\wlgns\Documents\Github\GameEngine\ExamPracNight2\Saved\webcache_6613\Default\shared_proto_db\metadata: IO error: C:\Users\wlgns\Documents\Github\GameEngine\ExamPracNight2\Saved\webcache_6613\Default\shared_proto_db\metadata/MANIFEST-000001: Unable to create sequential file (ChromeMethodBFE: 7::NewSequentialFile::1)
[37180:31856:0602/230315.385:WARNING:leveldb_database.cc(141)] Unable to open C:\Users\wlgns\Documents\Github\GameEngine\ExamPracNight2\Saved\webcache_6613\Default\shared_proto_db\metadata: IO error: C:\Users\wlgns\Documents\Github\GameEngine\ExamPracNight2\Saved\webcache_6613\Default\shared_proto_db\metadata/MANIFEST-000001: Unable to create sequential file (ChromeMethodBFE: 7::NewSequentialFile::1)
[37180:31856:0602/230315.387:WARNING:leveldb_database.cc(141)] Unable to open C:\Users\wlgns\Documents\Github\GameEngine\ExamPracNight2\Saved\webcache_6613\Default\shared_proto_db\metadata: IO error: C:\Users\wlgns\Documents\Github\GameEngine\ExamPracNight2\Saved\webcache_6613\Default\shared_proto_db\metadata/MANIFEST-000001: Unable to create sequential file (ChromeMethodBFE: 7::NewSequentialFile::1)
[37180:31856:0602/230315.600:WARNING:value_store_frontend.cc(47)] Reading ahfgeienlihckogmohjhadlkjgocpleb.alarms from  failed: IO error: .../MANIFEST-000001: Unable to create sequential file (ChromeMethodBFE: 7::NewSequentialFile::1)
[37180:31856:0602/230315.603:WARNING:value_store_frontend.cc(47)] Reading mhjfbmdgcfjbbpaeojofohoefgiehjai.alarms from  failed: IO error: .../MANIFEST-000001: Unable to create sequential file (ChromeMethodBFE: 7::NewSequentialFile::1)
[12680:18808:0602/230316.229:WARNING:frame_impl.cc(430)] virtual CefFrameImpl::SendProcessMessage sent to detached frame 5-F0733DA7FA40E656E33E087C85BC582D will be ignored
[37180:29588:0602/230316.513:WARNING:browser_info.cc(345)] Returning a speculative frame for [7,9]
[37180:25736:0602/230316.544:WARNING:browser_info.cc(345)] Returning a speculative frame for [8,5]
[37180:25736:0602/230316.544:WARNING:browser_info.cc(345)] Returning a speculative frame for [8,5]
[37180:25736:0602/230316.544:WARNING:browser_info.cc(345)] Returning a speculative frame for [8,5]
[37180:25736:0602/230316.544:WARNING:browser_info.cc(345)] Returning a speculative frame for [8,5]
[37180:29588:0602/230316.564:WARNING:browser_info.cc(345)] Returning a speculative frame for [8,5]
[12352:28020:0602/230318.051:WARNING:codec.cc(525)] Explicitly added H264 constrained baseline to list of supported formats.
[37180:4860:0602/230318.087:WARNING:leveldb_database.cc(141)] Unable to open C:\Users\wlgns\Documents\Github\GameEngine\ExamPracNight2\Saved\webcache_6613\Default\GCM Store\Encryption: IO error: C:\Users\wlgns\Documents\Github\GameEngine\ExamPracNight2\Saved\webcache_6613\Default\GCM Store\Encryption/MANIFEST-000001: Unable to create sequential file (ChromeMethodBFE: 7::NewSequentialFile::1)
[12352:28020:0602/230318.544:WARNING:codec.cc(525)] Explicitly added H264 constrained baseline to list of supported formats.
[12352:36112:0602/230318.558:WARNING:codec.cc(525)] Explicitly added H264 constrained baseline to list of supported formats.
[12352:36112:0602/230318.558:WARNING:codec.cc(525)] Explicitly added H264 constrained baseline to list of supported formats.
[12352:36112:0602/230318.559:WARNING:codec.cc(525)] Explicitly added H264 constrained baseline to list of supported formats.
[21912:32276:0602/230319.335:WARNING:host_resolver_dns_task.cc(863)] Address list empty after RFC3484 sort
[21912:32276:0602/230319.339:ERROR:socket_manager.cc(147)] Failed to resolve address for stun.cloudflare.com., errorcode: -105
[21912:32276:0602/230319.339:ERROR:socket_manager.cc(147)] Failed to resolve address for stun.cloudflare.com., errorcode: -105
[21912:32276:0602/230319.339:ERROR:socket_manager.cc(147)] Failed to resolve address for stun.cloudflare.com., errorcode: -105
[12352:36112:0602/230319.339:WARNING:stun_port.cc(442)] Port[225d000:0:1:0:host:Net[any:0:0:0:x:x:x:x:x/0:Wildcard:id=0]]: StunPort: stun host lookup received error -1
[12352:36112:0602/230319.339:WARNING:stun_port.cc(442)] Port[225d800:1:1:0:host:Net[any:0:0:0:x:x:x:x:x/0:Wildcard:id=0]]: StunPort: stun host lookup received error -1
[12352:36112:0602/230319.339:WARNING:stun_port.cc(442)] Port[225e000:2:1:0:host:Net[any:0:0:0:x:x:x:x:x/0:Wildcard:id=0]]: StunPort: stun host lookup received error -1
[37180:25736:0602/230339.361:WARNING:pref_notifier_impl.cc(41)] Pref observer for media_router.cast_allow_all_ips found at shutdown.
