[13992:5488:0601/225117.077:WARNING:chrome_main_delegate.cc(745)] This is Chrome version 128.0.6613.138 (not a warning)
[13992:20968:0601/225117.132:ERROR:google_update_settings.cc(265)] Failed opening key Software\Chromium to set usagestats; result: 5
[13992:5488:0601/225117.155:WARNING:account_consistency_mode_manager.cc(77)] Desktop Identity Consistency cannot be enabled as no OAuth client ID and client secret have been configured.
[16392:29720:0601/225123.041:WARNING:frame_impl.cc(430)] virtual CefFrameImpl::SendProcessMessage sent to detached frame 5-65C87D055DB473DDBD0182C6FD79B5BB will be ignored
[13992:22768:0601/225125.371:WARNING:browser_info.cc(345)] Returning a speculative frame for [7,9]
[13992:5488:0601/225125.701:WARNING:browser_info.cc(345)] Returning a speculative frame for [9,9]
[13992:5488:0601/225125.701:WARNING:browser_info.cc(345)] Returning a speculative frame for [9,9]
[13992:5488:0601/225125.701:WARNING:browser_info.cc(345)] Returning a speculative frame for [9,9]
[13992:5488:0601/225125.701:WARNING:browser_info.cc(345)] Returning a speculative frame for [9,9]
[13992:22768:0601/225125.707:WARNING:browser_info.cc(345)] Returning a speculative frame for [9,9]
[23484:17052:0601/225133.050:WARNING:codec.cc(525)] Explicitly added H264 constrained baseline to list of supported formats.
[23484:17052:0601/225133.542:WARNING:codec.cc(525)] Explicitly added H264 constrained baseline to list of supported formats.
[23484:13160:0601/225133.555:WARNING:codec.cc(525)] Explicitly added H264 constrained baseline to list of supported formats.
[23484:13160:0601/225133.555:WARNING:codec.cc(525)] Explicitly added H264 constrained baseline to list of supported formats.
[23484:13160:0601/225133.556:WARNING:codec.cc(525)] Explicitly added H264 constrained baseline to list of supported formats.
[4440:3616:0601/225133.570:WARNING:host_resolver_dns_task.cc(863)] Address list empty after RFC3484 sort
[4440:3616:0601/225133.576:ERROR:socket_manager.cc(147)] Failed to resolve address for stun.cloudflare.com., errorcode: -105
[4440:3616:0601/225133.576:ERROR:socket_manager.cc(147)] Failed to resolve address for stun.cloudflare.com., errorcode: -105
[4440:3616:0601/225133.576:ERROR:socket_manager.cc(147)] Failed to resolve address for stun.cloudflare.com., errorcode: -105
[23484:13160:0601/225133.576:WARNING:stun_port.cc(442)] Port[5c7e800:0:1:0:host:Net[any:0:0:0:x:x:x:x:x/0:Wildcard:id=0]]: StunPort: stun host lookup received error -1
[23484:13160:0601/225133.576:WARNING:stun_port.cc(442)] Port[5c7f000:1:1:0:host:Net[any:0:0:0:x:x:x:x:x/0:Wildcard:id=0]]: StunPort: stun host lookup received error -1
[23484:13160:0601/225133.576:WARNING:stun_port.cc(442)] Port[5c7f800:2:1:0:host:Net[any:0:0:0:x:x:x:x:x/0:Wildcard:id=0]]: StunPort: stun host lookup received error -1
[4440:15980:0601/225137.291:WARNING:sqlite_persistent_store_backend_base.cc(198)] Failed to post task from FlushAndNotifyInBackground@net\extras\sqlite\sqlite_persistent_store_backend_base.cc:248 to client_task_runner_.
[13992:5488:0601/225137.347:WARNING:pref_notifier_impl.cc(41)] Pref observer for media_router.cast_allow_all_ips found at shutdown.
